../Src/main.c:24:5:main	8	static
../Src/main.c:40:6:task1_handler	8	static
../Src/main.c:48:6:task2_handler	8	static
../Src/main.c:56:6:default_handler	8	static
../Src/main.c:64:29:init_scheduler_stack	0	static,ignoring_inline_asm
../Src/main.c:73:6:init_task_handlers	4	static
../Src/main.c:80:6:init_task_stacks	24	static
../Src/main.c:110:6:init_systick_timer	32	static
../Src/main.c:131:6:enable_processor_faults	16	static
../Src/main.c:142:10:get_PSP_value	4	static
../Src/main.c:147:29:switch_SP_to_PSP	0	static,ignoring_inline_asm
../Src/main.c:165:6:HardFault_Handler	8	static
../Src/main.c:171:6:MemManage_Handler	8	static
../Src/main.c:177:6:BusFault_Handler	8	static
../Src/main.c:183:6:set_PSP_value	16	static
../Src/main.c:188:6:switch_to_next_Task	4	static
../Src/main.c:195:29:SysTick_Handler	0	static,ignoring_inline_asm
