../Src/main.c:39:5:main	8	static
../Src/main.c:55:6:task1_handler	8	static
../Src/main.c:64:6:task2_handler	8	static
../Src/main.c:73:6:task3_handler	8	static
../Src/main.c:82:6:default_task	4	static
../Src/main.c:91:29:init_scheduler_stack	0	static,ignoring_inline_asm
../Src/main.c:100:6:init_task_handlers	4	static
../Src/main.c:122:6:init_task_stacks	24	static
../Src/main.c:152:6:init_systick_timer	32	static
../Src/main.c:173:6:enable_processor_faults	16	static
../Src/main.c:184:10:get_PSP_value	4	static
../Src/main.c:189:29:switch_SP_to_PSP	0	static,ignoring_inline_asm
../Src/main.c:207:6:set_PSP_value	16	static
../Src/main.c:212:6:switch_to_next_Task	16	static
../Src/main.c:227:6:block_task	16	static
../Src/main.c:237:6:unblock_tasks	16	static
../Src/main.c:248:6:update_global_tick_count	4	static
../Src/main.c:253:6:trigger_PendSV	16	static
../Src/main.c:259:6:HardFault_Handler	8	static
../Src/main.c:265:6:MemManage_Handler	8	static
../Src/main.c:271:6:BusFault_Handler	8	static
../Src/main.c:277:29:PendSV_Handler	0	static,ignoring_inline_asm
../Src/main.c:310:6:SysTick_Handler	8	static
